<?xml version="1.0" encoding="utf-8"?><testsuites name="pytest tests"><testsuite name="pytest" errors="0" failures="0" skipped="0" tests="1" time="1.290" timestamp="2025-08-16T18:18:11.354921-04:00" hostname="Bens-MBP.lan"><testcase classname="tests.v1.gen.test_image_route.TestImageGenerationRoute" name="test_image_gen_route_not_found_when_disabled" time="0.010" /></testsuite></testsuites>